   Compiling memfuse-text v0.1.0 (/app/crates/memfuse-text)
   Compiling memfuse-db v0.1.0 (/app/crates/memfuse-db)
    Finished `bench` profile [optimized] target(s) in 55.45s
     Running ../../benches/migration_benchmarks.rs (target/release/deps/migration_benchmarks-46930527bf04425c)
Gnuplot not found, using plotters backend
Benchmarking hybrid_search_latency
Benchmarking hybrid_search_latency: Warming up for 3.0000 s
Benchmarking hybrid_search_latency: Collecting 100 samples in estimated 5.4095 s (66k iterations)
Benchmarking hybrid_search_latency: Analyzing
hybrid_search_latency   time:   [82.675 µs 83.989 µs 85.579 µs]
                        change: [+0.1157% +0.9341% +1.9674%] (p = 0.04 < 0.05)
                        Change within noise threshold.
Found 13 outliers among 100 measurements (13.00%)
  6 (6.00%) low mild
  3 (3.00%) high mild
  4 (4.00%) high severe

Benchmarking checkpoint_latency
Benchmarking checkpoint_latency: Warming up for 3.0000 s

Warning: Unable to complete 100 samples in 5.0s. You may wish to increase target time to 6.1s, enable flat sampling, or reduce sample count to 60.
Benchmarking checkpoint_latency: Collecting 100 samples in estimated 6.1437 s (5050 iterations)
Benchmarking checkpoint_latency: Analyzing
checkpoint_latency      time:   [1.2250 ms 1.2731 ms 1.3179 ms]
                        change: [-9.3873% -6.2351% -2.7910%] (p = 0.00 < 0.05)
                        Performance has improved.

Benchmarking rerun_cost_get_latency
Benchmarking rerun_cost_get_latency: Warming up for 3.0000 s
Benchmarking rerun_cost_get_latency: Collecting 100 samples in estimated 5.1774 s (146k iterations)
Benchmarking rerun_cost_get_latency: Analyzing
rerun_cost_get_latency  time:   [35.279 µs 35.311 µs 35.344 µs]
                        change: [-0.4306% -0.2003% +0.0265%] (p = 0.09 > 0.05)
                        No change in performance detected.
Found 6 outliers among 100 measurements (6.00%)
  1 (1.00%) low mild
  2 (2.00%) high mild
  3 (3.00%) high severe
