   Compiling memfuse-checkpoint v0.1.0 (/app/crates/memfuse-checkpoint)
   Compiling memfuse-db v0.1.0 (/app/crates/memfuse-db)
    Finished `bench` profile [optimized] target(s) in 55.37s
     Running ../../benches/migration_benchmarks.rs (target/release/deps/migration_benchmarks-46930527bf04425c)
Gnuplot not found, using plotters backend
Benchmarking hybrid_search_latency
Benchmarking hybrid_search_latency: Warming up for 3.0000 s
Benchmarking hybrid_search_latency: Collecting 100 samples in estimated 5.0178 s (61k iterations)
Benchmarking hybrid_search_latency: Analyzing
hybrid_search_latency   time:   [81.011 µs 81.198 µs 81.388 µs]
                        change: [-2.6781% -1.7138% -0.9006%] (p = 0.00 < 0.05)
                        Change within noise threshold.
Found 7 outliers among 100 measurements (7.00%)
  2 (2.00%) low mild
  1 (1.00%) high mild
  4 (4.00%) high severe

Benchmarking checkpoint_latency
Benchmarking checkpoint_latency: Warming up for 3.0000 s

Warning: Unable to complete 100 samples in 5.0s. You may wish to increase target time to 6.1s, enable flat sampling, or reduce sample count to 60.
Benchmarking checkpoint_latency: Collecting 100 samples in estimated 6.0821 s (5050 iterations)
Benchmarking checkpoint_latency: Analyzing
checkpoint_latency      time:   [1.2247 ms 1.2559 ms 1.2899 ms]
                        change: [-3.6529% -0.4644% +3.0118%] (p = 0.79 > 0.05)
                        No change in performance detected.
Found 11 outliers among 100 measurements (11.00%)
  2 (2.00%) low mild
  7 (7.00%) high mild
  2 (2.00%) high severe

Benchmarking rerun_cost_get_latency
Benchmarking rerun_cost_get_latency: Warming up for 3.0000 s
Benchmarking rerun_cost_get_latency: Collecting 100 samples in estimated 5.0771 s (141k iterations)
Benchmarking rerun_cost_get_latency: Analyzing
rerun_cost_get_latency  time:   [35.597 µs 35.649 µs 35.708 µs]
                        change: [+0.8206% +1.0046% +1.1989%] (p = 0.00 < 0.05)
                        Change within noise threshold.
Found 9 outliers among 100 measurements (9.00%)
  1 (1.00%) low mild
  7 (7.00%) high mild
  1 (1.00%) high severe
