    Checking serde_json v1.0.149
    Checking tokio v1.52.3
    Checking indexmap v2.14.0
    Checking hashbrown v0.14.5
    Checking cranelift-entity v0.107.2
   Compiling serde_core v1.0.228
    Checking hashbrown v0.13.2
   Compiling pyo3-build-config v0.24.2
    Checking cranelift-bforest v0.107.2
    Checking serde_spanned v0.6.9
    Checking tinytemplate v1.2.1
    Checking toml_datetime v0.6.11
    Checking fxprof-processed-profile v0.6.0
    Checking regalloc2 v0.9.3
    Checking gimli v0.28.1
    Checking wasmparser v0.202.0
    Checking object v0.33.0
    Checking toml_edit v0.22.27
   Compiling pyo3-macros-backend v0.24.2
   Compiling pyo3-ffi v0.24.2
   Compiling pyo3 v0.24.2
   Compiling numpy v0.24.0
    Checking toml v0.8.23
   Compiling serde v1.0.228
    Checking cranelift-codegen v0.107.2
    Checking addr2line v0.21.0
    Checking wasmtime-cache v20.0.2
    Checking wasmtime-jit-debug v20.0.2
    Checking wasmtime-types v20.0.2
    Checking wasmprinter v0.202.0
   Compiling pyo3-macros v0.24.2
    Checking memfuse-core v0.1.0 (/home/freddy/Arbeitsplatz/DEV/memfuse/crates/memfuse-core)
    Checking criterion v0.5.1
    Checking wasmtime-environ v20.0.2
    Checking memfuse-crypto v0.1.0 (/home/freddy/Arbeitsplatz/DEV/memfuse/crates/memfuse-crypto)
    Checking memfuse-graph v0.1.0 (/home/freddy/Arbeitsplatz/DEV/memfuse/crates/memfuse-graph)
    Checking memfuse-checkpoint v0.1.0 (/home/freddy/Arbeitsplatz/DEV/memfuse/crates/memfuse-checkpoint)
    Checking memfuse-index v0.1.0 (/home/freddy/Arbeitsplatz/DEV/memfuse/crates/memfuse-index)
    Checking memfuse-store v0.1.0 (/home/freddy/Arbeitsplatz/DEV/memfuse/crates/memfuse-store)
    Checking memfuse-text v0.1.0 (/home/freddy/Arbeitsplatz/DEV/memfuse/crates/memfuse-text)
error[E0061]: this method takes 5 arguments but 4 arguments were supplied
   --> crates/memfuse-checkpoint/tests/concurrency.rs:76:15
    |
 76 | ... m.create_checkpoint("same_name", "coll", i as u64, serde_json::json!({}))
    |       ^^^^^^^^^^^^^^^^^                                --------------------- argument #4 of type `memfuse_core::TxId` is missing
    |
note: method defined here
   --> crates/memfuse-checkpoint/src/lib.rs:102:18
    |
102 | ...fn create_checkpoint(
    |       ^^^^^^^^^^^^^^^^^
help: provide the argument
    |
 76 |             m.create_checkpoint("same_name", "coll", i as u64, /* memfuse_core::TxId */, serde_json::json!({}))
    |                                                                +++++++++++++++++++++++++

For more information about this error, try `rustc --explain E0061`.
error: could not compile `memfuse-checkpoint` (test "concurrency") due to 1 previous error
warning: build failed, waiting for other jobs to finish...
