    Blocking waiting for file lock on build directory
    Checking memfuse-checkpoint v0.1.0 (/home/freddy/Arbeitsplatz/DEV/memfuse/crates/memfuse-checkpoint)
    Checking memfuse-store v0.1.0 (/home/freddy/Arbeitsplatz/DEV/memfuse/crates/memfuse-store)
   Compiling pyo3-build-config v0.24.2
    Checking memfuse-sandbox v0.1.0 (/home/freddy/Arbeitsplatz/DEV/memfuse/crates/memfuse-sandbox)
    Checking memfuse-index v0.1.0 (/home/freddy/Arbeitsplatz/DEV/memfuse/crates/memfuse-index)
error[E0609]: no field `max_seq` on type `&sstable::SstableMetadata`
   --> crates/memfuse-store/src/lsm.rs:248:34
    |
248 |             if reader.metadata().max_seq > max_seq {
    |                                  ^^^^^^^ unknown field
    |
    = note: available fields are: `first_key`, `last_key`, `file_size`, `min_tx_id`, `max_tx_id`

error[E0609]: no field `max_seq` on type `&sstable::SstableMetadata`
   --> crates/memfuse-store/src/lsm.rs:249:45
    |
249 |                 max_seq = reader.metadata().max_seq;
    |                                             ^^^^^^^ unknown field
    |
    = note: available fields are: `first_key`, `last_key`, `file_size`, `min_tx_id`, `max_tx_id`

error[E0560]: struct `sstable::SstableMetadata` has no field named `min_seq`
   --> crates/memfuse-store/src/sstable.rs:634:17
    |
634 |                 min_seq: 0,
    |                 ^^^^^^^ `sstable::SstableMetadata` does not have this field
    |
    = note: all struct fields are already assigned

error[E0560]: struct `sstable::SstableMetadata` has no field named `max_seq`
   --> crates/memfuse-store/src/sstable.rs:635:17
    |
635 |                 max_seq: u64::MAX,
    |                 ^^^^^^^ `sstable::SstableMetadata` does not have this field
    |
    = note: all struct fields are already assigned

    Checking memfuse-crypto v0.1.0 (/home/freddy/Arbeitsplatz/DEV/memfuse/crates/memfuse-crypto)
    Checking memfuse-text v0.1.0 (/home/freddy/Arbeitsplatz/DEV/memfuse/crates/memfuse-text)
Some errors have detailed explanations: E0560, E0609.
For more information about an error, try `rustc --explain E0560`.
error: could not compile `memfuse-store` (lib) due to 4 previous errors
warning: build failed, waiting for other jobs to finish...
error: could not compile `memfuse-store` (lib test) due to 4 previous errors
